---
source: crates/mold_lexer/src/lib.rs
expression: format_tokens(sql)
---
SELECT_KW@0..6 "SELECT"
WHITESPACE@6..7 " "
IDENT@7..9 "id"
COMMA@9..10 ","
WHITESPACE@10..11 " "
SUM_KW@11..14 "SUM"
L_PAREN@14..15 "("
IDENT@15..21 "amount"
R_PAREN@21..22 ")"
WHITESPACE@22..23 " "
OVER_KW@23..27 "OVER"
WHITESPACE@27..28 " "
L_PAREN@28..29 "("
PARTITION_KW@29..38 "PARTITION"
WHITESPACE@38..39 " "
BY_KW@39..41 "BY"
WHITESPACE@41..42 " "
IDENT@42..50 "category"
WHITESPACE@50..51 " "
ORDER_KW@51..56 "ORDER"
WHITESPACE@56..57 " "
BY_KW@57..59 "BY"
WHITESPACE@59..60 " "
DATE_KW@60..64 "date"
WHITESPACE@64..65 " "
ROWS_KW@65..69 "ROWS"
WHITESPACE@69..70 " "
BETWEEN_KW@70..77 "BETWEEN"
WHITESPACE@77..78 " "
UNBOUNDED_KW@78..87 "UNBOUNDED"
WHITESPACE@87..88 " "
PRECEDING_KW@88..97 "PRECEDING"
WHITESPACE@97..98 " "
AND_KW@98..101 "AND"
WHITESPACE@101..102 " "
CURRENT_KW@102..109 "CURRENT"
WHITESPACE@109..110 " "
ROW_KW@110..113 "ROW"
R_PAREN@113..114 ")"
WHITESPACE@114..115 " "
FROM_KW@115..119 "FROM"
WHITESPACE@119..120 " "
IDENT@120..125 "sales"
