---
source: crates/mold_parser/src/lib.rs
expression: format_tree(sql)
---
SOURCE_FILE@0..46
  SELECT_STMT@0..46
    WITH_CLAUSE@0..31
      WITH_KW@0..4 "WITH"
      WHITESPACE@4..5 " "
      RECURSIVE_KW@5..14 "RECURSIVE"
      WHITESPACE@14..15 " "
      CTE@15..31
        IDENT@15..16 "t"
        WHITESPACE@16..17 " "
        AS_KW@17..19 "AS"
        WHITESPACE@19..20 " "
        L_PAREN@20..21 "("
        SELECT_STMT@21..29
          SELECT_KW@21..27 "SELECT"
          WHITESPACE@27..28 " "
          SELECT_ITEM_LIST@28..29
            SELECT_ITEM@28..29
              LITERAL@28..29
                INTEGER@28..29 "1"
        R_PAREN@29..30 ")"
        WHITESPACE@30..31 " "
    SELECT_KW@31..37 "SELECT"
    WHITESPACE@37..38 " "
    SELECT_ITEM_LIST@38..40
      SELECT_ITEM@38..40
        STAR_EXPR@38..40
          STAR@38..39 "*"
          WHITESPACE@39..40 " "
    FROM_CLAUSE@40..46
      FROM_KW@40..44 "FROM"
      WHITESPACE@44..45 " "
      TABLE_REF@45..46
        IDENT@45..46 "t"
